[demo.themefisher.com/others/global/index.html]
[backblue.gif]
[fade.gif]
[index.html]
[demo.themefisher.com/others/global/assets/css/main.css]
[demo.themefisher.com/others/global/assets/img/logo.png]
[demo.themefisher.com/others/global/assets/img/introduction-visual.png]
[demo.themefisher.com/others/global/assets/img/work-victory.jpg]
[demo.themefisher.com/others/global/assets/img/work-metiew-smith.jpg]
[demo.themefisher.com/others/global/assets/img/work-alex-nowak.jpg]
[demo.themefisher.com/others/global/assets/img/about-visual.png]
[ajax.googleapis.com/ajax/libs/jquery/2.2.4/jquery.min.js]
[demo.themefisher.com/others/global/assets/js/vendor/jquery-2.2.4.min.js]
[demo.themefisher.com/others/global/index.html]
[demo.themefisher.com/others/global/assets/js/functions-min.js]
[demo.themefisher.com/others/global/assets/css/fonts/Montserrat-Black.eot]
[demo.themefisher.com/others/global/assets/css/fonts/Montserrat-Black.woff]
[demo.themefisher.com/others/global/assets/css/fonts/Montserrat-Black.ttf]
[demo.themefisher.com/others/global/assets/css/fonts/Montserrat-Black.svg]
[demo.themefisher.com/others/global/assets/css/fonts/Montserrat-Bold.eot]
[demo.themefisher.com/others/global/assets/css/fonts/Montserrat-Bold.woff]
[demo.themefisher.com/others/global/assets/css/fonts/Montserrat-Bold.ttf]
[demo.themefisher.com/others/global/assets/css/fonts/Montserrat-Bold.svg]
[demo.themefisher.com/others/global/assets/css/fonts/Montserrat-Regular.eot]
[demo.themefisher.com/others/global/assets/css/fonts/Montserrat-Regular.woff]
[demo.themefisher.com/others/global/assets/css/fonts/Montserrat-Regular.ttf]
[demo.themefisher.com/others/global/assets/css/fonts/Montserrat-Regular.svg]
[demo.themefisher.com/others/global/assets/css/fonts/Montserrat-Light.eot]
[demo.themefisher.com/others/global/assets/css/fonts/Montserrat-Light.woff]
[demo.themefisher.com/others/global/assets/css/fonts/Montserrat-Light.ttf]
[demo.themefisher.com/others/global/assets/css/fonts/Montserrat-Light.svg]
[demo.themefisher.com/others/global/assets/img/about-winners.jpg]
[demo.themefisher.com/others/global/assets/img/about-philosophy.jpg]
[demo.themefisher.com/others/global/assets/img/about-history.jpg]
[demo.themefisher.com/others/global/assets/img/contact-visual.png]
[demo.themefisher.com/others/global/assets/css/main.css]
[demo.themefisher.com/others/global/assets/css/fonts/Montserrat-Black.svg]
[demo.themefisher.com/others/global/assets/css/fonts/Montserrat-Bold.svg]
[demo.themefisher.com/others/global/assets/css/fonts/Montserrat-Regular.svg]
[demo.themefisher.com/others/global/assets/css/fonts/Montserrat-Light.svg]
